Archive member included to satisfy reference by file (symbol)

c:/program files (x86)/microsoft visual studio/2017/community/linux/gcc_arm/bin/../lib/gcc/arm-none-eabi/6.3.1/../../../../arm-none-eabi/lib/thumb/v7-m\libc_nano.a(lib_a-exit.o)
                              c:/program files (x86)/microsoft visual studio/2017/community/linux/gcc_arm/bin/../lib/gcc/arm-none-eabi/6.3.1/../../../../arm-none-eabi/lib/thumb/v7-m/crt0.o (exit)
c:/program files (x86)/microsoft visual studio/2017/community/linux/gcc_arm/bin/../lib/gcc/arm-none-eabi/6.3.1/../../../../arm-none-eabi/lib/thumb/v7-m\libc_nano.a(lib_a-impure.o)
                              c:/program files (x86)/microsoft visual studio/2017/community/linux/gcc_arm/bin/../lib/gcc/arm-none-eabi/6.3.1/../../../../arm-none-eabi/lib/thumb/v7-m\libc_nano.a(lib_a-exit.o) (_global_impure_ptr)
c:/program files (x86)/microsoft visual studio/2017/community/linux/gcc_arm/bin/../lib/gcc/arm-none-eabi/6.3.1/../../../../arm-none-eabi/lib/thumb/v7-m\libc_nano.a(lib_a-init.o)
                              c:/program files (x86)/microsoft visual studio/2017/community/linux/gcc_arm/bin/../lib/gcc/arm-none-eabi/6.3.1/../../../../arm-none-eabi/lib/thumb/v7-m/crt0.o (__libc_init_array)
c:/program files (x86)/microsoft visual studio/2017/community/linux/gcc_arm/bin/../lib/gcc/arm-none-eabi/6.3.1/../../../../arm-none-eabi/lib/thumb/v7-m\libc_nano.a(lib_a-memset.o)
                              c:/program files (x86)/microsoft visual studio/2017/community/linux/gcc_arm/bin/../lib/gcc/arm-none-eabi/6.3.1/../../../../arm-none-eabi/lib/thumb/v7-m/crt0.o (memset)
c:/program files (x86)/microsoft visual studio/2017/community/linux/gcc_arm/bin/../lib/gcc/arm-none-eabi/6.3.1/../../../../arm-none-eabi/lib/thumb/v7-m\libnosys.a(_exit.o)
                              c:/program files (x86)/microsoft visual studio/2017/community/linux/gcc_arm/bin/../lib/gcc/arm-none-eabi/6.3.1/../../../../arm-none-eabi/lib/thumb/v7-m\libc_nano.a(lib_a-exit.o) (_exit)

Allocating common symbols
Common symbol       size              file

keyboardMatrix      0x8               build/main.o
tempInt             0x1               build/main.o
m4kZone             0x1               build/main.o
uwTick              0x4               build/stm32f1xx_hal.o
pFlash              0x20              build/stm32f1xx_hal_flash.o
rawZone             0x1               build/main.o
m4kNote             0x1               build/main.o
midiCommand         0x6               build/main.o
hspi1               0x58              build/main.o
huart2              0x40              build/main.o
ringBuffer          0x82              build/main.o

Discarded input sections

 .text          0x00000000        0x0 c:/program files (x86)/microsoft visual studio/2017/community/linux/gcc_arm/bin/../lib/gcc/arm-none-eabi/6.3.1/thumb/v7-m/crti.o
 .data          0x00000000        0x0 c:/program files (x86)/microsoft visual studio/2017/community/linux/gcc_arm/bin/../lib/gcc/arm-none-eabi/6.3.1/thumb/v7-m/crti.o
 .bss           0x00000000        0x0 c:/program files (x86)/microsoft visual studio/2017/community/linux/gcc_arm/bin/../lib/gcc/arm-none-eabi/6.3.1/thumb/v7-m/crti.o
 .data          0x00000000        0x4 c:/program files (x86)/microsoft visual studio/2017/community/linux/gcc_arm/bin/../lib/gcc/arm-none-eabi/6.3.1/thumb/v7-m/crtbegin.o
 .text          0x00000000       0x74 c:/program files (x86)/microsoft visual studio/2017/community/linux/gcc_arm/bin/../lib/gcc/arm-none-eabi/6.3.1/../../../../arm-none-eabi/lib/thumb/v7-m/crt0.o
 .data          0x00000000        0x0 c:/program files (x86)/microsoft visual studio/2017/community/linux/gcc_arm/bin/../lib/gcc/arm-none-eabi/6.3.1/../../../../arm-none-eabi/lib/thumb/v7-m/crt0.o
 .bss           0x00000000        0x0 c:/program files (x86)/microsoft visual studio/2017/community/linux/gcc_arm/bin/../lib/gcc/arm-none-eabi/6.3.1/../../../../arm-none-eabi/lib/thumb/v7-m/crt0.o
 .ARM.extab     0x00000000        0x0 c:/program files (x86)/microsoft visual studio/2017/community/linux/gcc_arm/bin/../lib/gcc/arm-none-eabi/6.3.1/../../../../arm-none-eabi/lib/thumb/v7-m/crt0.o
 .ARM.exidx     0x00000000        0x8 c:/program files (x86)/microsoft visual studio/2017/community/linux/gcc_arm/bin/../lib/gcc/arm-none-eabi/6.3.1/../../../../arm-none-eabi/lib/thumb/v7-m/crt0.o
 .ARM.attributes
                0x00000000       0x1b c:/program files (x86)/microsoft visual studio/2017/community/linux/gcc_arm/bin/../lib/gcc/arm-none-eabi/6.3.1/../../../../arm-none-eabi/lib/thumb/v7-m/crt0.o
 .text          0x00000000        0x0 build/main.o
 .data          0x00000000        0x0 build/main.o
 .bss           0x00000000        0x0 build/main.o
 .text.Error_Handler
                0x00000000        0x2 build/main.o
 .text          0x00000000        0x0 build/stm32f1xx_it.o
 .data          0x00000000        0x0 build/stm32f1xx_it.o
 .bss           0x00000000        0x0 build/stm32f1xx_it.o
[...]
Memory Configuration

Name             Origin             Length             Attributes
RAM              0x20000000         0x00005000         xrw
FLASH            0x08000000         0x00010000         xr
*default*        0x00000000         0xffffffff

Linker script and memory map

LOAD c:/program files (x86)/microsoft visual studio/2017/community/linux/gcc_arm/bin/../lib/gcc/arm-none-eabi/6.3.1/thumb/v7-m/crti.o
LOAD c:/program files (x86)/microsoft visual studio/2017/community/linux/gcc_arm/bin/../lib/gcc/arm-none-eabi/6.3.1/thumb/v7-m/crtbegin.o
LOAD c:/program files (x86)/microsoft visual studio/2017/community/linux/gcc_arm/bin/../lib/gcc/arm-none-eabi/6.3.1/../../../../arm-none-eabi/lib/thumb/v7-m/crt0.o
LOAD build/main.o
LOAD build/stm32f1xx_it.o
LOAD build/stm32f1xx_hal_msp.o
LOAD build/stm32f1xx_hal_gpio_ex.o
LOAD build/stm32f1xx_hal_spi.o
LOAD build/stm32f1xx_hal_spi_ex.o
LOAD build/stm32f1xx_hal_tim.o
LOAD build/stm32f1xx_hal_tim_ex.o
LOAD build/stm32f1xx_hal_uart.o
LOAD build/stm32f1xx_hal.o
LOAD build/stm32f1xx_hal_rcc.o
LOAD build/stm32f1xx_hal_rcc_ex.o
LOAD build/stm32f1xx_hal_gpio.o
LOAD build/stm32f1xx_hal_dma.o
LOAD build/stm32f1xx_hal_cortex.o
LOAD build/stm32f1xx_hal_pwr.o
LOAD build/stm32f1xx_hal_flash.o
LOAD build/stm32f1xx_hal_flash_ex.o
LOAD build/system_stm32f1xx.o
LOAD build/startup_stm32f103xb.o
LOAD c:/program files (x86)/microsoft visual studio/2017/community/linux/gcc_arm/bin/../lib/gcc/arm-none-eabi/6.3.1/../../../../arm-none-eabi/lib/thumb/v7-m\libc_nano.a
LOAD c:/program files (x86)/microsoft visual studio/2017/community/linux/gcc_arm/bin/../lib/gcc/arm-none-eabi/6.3.1/../../../../arm-none-eabi/lib/thumb/v7-m\libm.a
LOAD c:/program files (x86)/microsoft visual studio/2017/community/linux/gcc_arm/bin/../lib/gcc/arm-none-eabi/6.3.1/../../../../arm-none-eabi/lib/thumb/v7-m\libnosys.a
START GROUP
LOAD c:/program files (x86)/microsoft visual studio/2017/community/linux/gcc_arm/bin/../lib/gcc/arm-none-eabi/6.3.1/thumb/v7-m\libgcc.a
LOAD c:/program files (x86)/microsoft visual studio/2017/community/linux/gcc_arm/bin/../lib/gcc/arm-none-eabi/6.3.1/../../../../arm-none-eabi/lib/thumb/v7-m\libc_nano.a
END GROUP
START GROUP
LOAD c:/program files (x86)/microsoft visual studio/2017/community/linux/gcc_arm/bin/../lib/gcc/arm-none-eabi/6.3.1/thumb/v7-m\libgcc.a
LOAD c:/program files (x86)/microsoft visual studio/2017/community/linux/gcc_arm/bin/../lib/gcc/arm-none-eabi/6.3.1/../../../../arm-none-eabi/lib/thumb/v7-m\libc_nano.a
END GROUP
LOAD c:/program files (x86)/microsoft visual studio/2017/community/linux/gcc_arm/bin/../lib/gcc/arm-none-eabi/6.3.1/thumb/v7-m/crtend.o
LOAD c:/program files (x86)/microsoft visual studio/2017/community/linux/gcc_arm/bin/../lib/gcc/arm-none-eabi/6.3.1/thumb/v7-m/crtn.o
                0x20005000                _estack = 0x20005000
                0x00000200                _Min_Heap_Size = 0x200
                0x00000400                _Min_Stack_Size = 0x400

.isr_vector     0x08000000      0x10c
                0x08000000                . = ALIGN (0x4)
 *(.isr_vector)
 .isr_vector    0x08000000      0x10c build/startup_stm32f103xb.o
                0x08000000                g_pfnVectors
                0x0800010c                . = ALIGN (0x4)

.text           0x0800010c     0x182c
                0x0800010c                . = ALIGN (0x4)
 *(.text)
 .text          0x0800010c       0x6c c:/program files (x86)/microsoft visual studio/2017/community/linux/gcc_arm/bin/../lib/gcc/arm-none-eabi/6.3.1/thumb/v7-m/crtbegin.o
 *(.text*)
 .text.MX_GPIO_Init
                0x08000178       0x7c build/main.o
 .text.MX_SPI1_Init
                0x080001f4       0x4c build/main.o
 .text.MX_USART2_UART_Init
                0x08000240       0x38 build/main.o
 .text.SystemClock_Config
                0x08000278       0x54 build/main.o
                0x08000278                SystemClock_Config
 .text.main     0x080002cc      0x2a8 build/main.o
                0x080002cc                main
 .text.NMI_Handler
                0x08000574        0x2 build/stm32f1xx_it.o
                0x08000574                NMI_Handler
 .text.HardFault_Handler
                0x08000576        0x2 build/stm32f1xx_it.o
                0x08000576                HardFault_Handler
 .text.MemManage_Handler
                0x08000578        0x2 build/stm32f1xx_it.o
                0x08000578                MemManage_Handler
 .text.BusFault_Handler
                0x0800057a        0x2 build/stm32f1xx_it.o
                0x0800057a                BusFault_Handler
 .text.UsageFault_Handler
                0x0800057c        0x2 build/stm32f1xx_it.o
                0x0800057c                UsageFault_Handler
 .text.SVC_Handler
                0x0800057e        0x2 build/stm32f1xx_it.o
                0x0800057e                SVC_Handler
 .text.DebugMon_Handler
                0x08000580        0x2 build/stm32f1xx_it.o
                0x08000580                DebugMon_Handler
 .text.PendSV_Handler
                0x08000582        0x2 build/stm32f1xx_it.o
                0x08000582                PendSV_Handler
 .text.SysTick_Handler
                0x08000584        0x8 build/stm32f1xx_it.o
                0x08000584                SysTick_Handler
 .text.SPI1_IRQHandler
                0x0800058c       0xc4 build/stm32f1xx_it.o
                0x0800058c                SPI1_IRQHandler
 .text.USART2_IRQHandler
                0x08000650       0x44 build/stm32f1xx_it.o
                0x08000650                USART2_IRQHandler
 .text.HAL_MspInit
                0x08000694       0x44 build/stm32f1xx_hal_msp.o
                0x08000694                HAL_MspInit
 .text.HAL_SPI_MspInit
                0x080006d8       0x80 build/stm32f1xx_hal_msp.o
                0x080006d8                HAL_SPI_MspInit
 .text.HAL_UART_MspInit
                0x08000758       0x88 build/stm32f1xx_hal_msp.o
                0x08000758                HAL_UART_MspInit
 .text.HAL_SPI_ErrorCallback
                0x080007e0        0x2 build/stm32f1xx_hal_spi.o
                0x080007e0                HAL_SPI_ErrorCallback
 *fill*         0x080007e2        0x2 
 .text.HAL_SPI_IRQHandler
                0x080007e4       0xe8 build/stm32f1xx_hal_spi.o
                0x080007e4                HAL_SPI_IRQHandler
 .text.SPI_DMAAbortOnError
                0x080008cc       0x10 build/stm32f1xx_hal_spi.o
 .text.HAL_SPI_Init
                0x080008dc       0x82 build/stm32f1xx_hal_spi_ex.o
                0x080008dc                HAL_SPI_Init
 .text.UART_EndRxTransfer
                0x0800095e       0x1c build/stm32f1xx_hal_uart.o
 .text.UART_Transmit_IT
                0x0800097a       0x6a build/stm32f1xx_hal_uart.o
 .text.UART_SetConfig
                0x080009e4      0x1b0 build/stm32f1xx_hal_uart.o
 .text.HAL_UART_Init
                0x08000b94       0x5e build/stm32f1xx_hal_uart.o
                0x08000b94                HAL_UART_Init
 .text.HAL_UART_TxCpltCallback
                0x08000bf2        0x2 build/stm32f1xx_hal_uart.o
                0x08000bf2                HAL_UART_TxCpltCallback
 .text.UART_EndTransmit_IT
                0x08000bf4       0x1a build/stm32f1xx_hal_uart.o
 .text.HAL_UART_RxCpltCallback
                0x08000c0e        0x2 build/stm32f1xx_hal_uart.o
                0x08000c0e                HAL_UART_RxCpltCallback
 .text.UART_Receive_IT
                0x08000c10       0x9e build/stm32f1xx_hal_uart.o
 .text.HAL_UART_ErrorCallback
                0x08000cae        0x2 build/stm32f1xx_hal_uart.o
                0x08000cae                HAL_UART_ErrorCallback
 .text.HAL_UART_IRQHandler
                0x08000cb0      0x120 build/stm32f1xx_hal_uart.o
                0x08000cb0                HAL_UART_IRQHandler
 .text.UART_DMAAbortOnError
                0x08000dd0       0x10 build/stm32f1xx_hal_uart.o
 .text.HAL_InitTick
                0x08000de0       0x4c build/stm32f1xx_hal.o
                0x08000de0                HAL_InitTick
 .text.HAL_Init
                0x08000e2c       0x24 build/stm32f1xx_hal.o
                0x08000e2c                HAL_Init
 .text.HAL_IncTick
                0x08000e50       0x18 build/stm32f1xx_hal.o
                0x08000e50                HAL_IncTick
 .text.HAL_GetTick
                0x08000e68        0xc build/stm32f1xx_hal.o
                0x08000e68                HAL_GetTick
 .text.RCC_Delay
                0x08000e74       0x2c build/stm32f1xx_hal_rcc.o
 .text.HAL_RCC_OscConfig
                0x08000ea0      0x3e0 build/stm32f1xx_hal_rcc.o
                0x08000ea0                HAL_RCC_OscConfig
 .text.HAL_RCC_GetSysClockFreq
                0x08001280       0x6c build/stm32f1xx_hal_rcc.o
                0x08001280                HAL_RCC_GetSysClockFreq
 .text.HAL_RCC_ClockConfig
                0x080012ec      0x19c build/stm32f1xx_hal_rcc.o
                0x080012ec                HAL_RCC_ClockConfig
 .text.HAL_RCC_GetHCLKFreq
                0x08001488        0xc build/stm32f1xx_hal_rcc.o
                0x08001488                HAL_RCC_GetHCLKFreq
 .text.HAL_RCC_GetPCLK1Freq
                0x08001494       0x20 build/stm32f1xx_hal_rcc.o
                0x08001494                HAL_RCC_GetPCLK1Freq
 .text.HAL_RCC_GetPCLK2Freq
                0x080014b4       0x20 build/stm32f1xx_hal_rcc.o
                0x080014b4                HAL_RCC_GetPCLK2Freq
 .text.HAL_GPIO_Init
                0x080014d4      0x1ec build/stm32f1xx_hal_gpio.o
                0x080014d4                HAL_GPIO_Init
 .text.HAL_GPIO_WritePin
                0x080016c0        0xc build/stm32f1xx_hal_gpio.o
                0x080016c0                HAL_GPIO_WritePin
 .text.HAL_DMA_Abort_IT
                0x080016cc       0x98 build/stm32f1xx_hal_dma.o
                0x080016cc                HAL_DMA_Abort_IT
 .text.HAL_NVIC_SetPriorityGrouping
                0x08001764       0x24 build/stm32f1xx_hal_cortex.o
                0x08001764                HAL_NVIC_SetPriorityGrouping
 .text.HAL_NVIC_SetPriority
                0x08001788       0x64 build/stm32f1xx_hal_cortex.o
                0x08001788                HAL_NVIC_SetPriority
 .text.HAL_NVIC_EnableIRQ
                0x080017ec       0x18 build/stm32f1xx_hal_cortex.o
                0x080017ec                HAL_NVIC_EnableIRQ
 .text.HAL_SYSTICK_Config
                0x08001804       0x2c build/stm32f1xx_hal_cortex.o
                0x08001804                HAL_SYSTICK_Config
 .text.SystemInit
                0x08001830       0x4c build/system_stm32f1xx.o
                0x08001830                SystemInit
 .text.Reset_Handler
                0x0800187c       0x48 build/startup_stm32f103xb.o
                0x0800187c                Reset_Handler
 .text.Default_Handler
                0x080018c4        0x2 build/startup_stm32f103xb.o
                0x080018c4                RTC_Alarm_IRQHandler
                0x080018c4                EXTI2_IRQHandler
                0x080018c4                TIM1_CC_IRQHandler
                0x080018c4                PVD_IRQHandler
                0x080018c4                EXTI3_IRQHandler
                0x080018c4                EXTI0_IRQHandler
                0x080018c4                I2C2_EV_IRQHandler
                0x080018c4                ADC1_2_IRQHandler
                0x080018c4                TAMPER_IRQHandler
                0x080018c4                DMA1_Channel4_IRQHandler
                0x080018c4                USART3_IRQHandler
                0x080018c4                RTC_IRQHandler
                0x080018c4                DMA1_Channel7_IRQHandler
                0x080018c4                CAN1_RX1_IRQHandler
                0x080018c4                TIM4_IRQHandler
                0x080018c4                I2C1_EV_IRQHandler
                0x080018c4                DMA1_Channel6_IRQHandler
                0x080018c4                TIM3_IRQHandler
                0x080018c4                RCC_IRQHandler
                0x080018c4                TIM1_TRG_COM_IRQHandler
                0x080018c4                DMA1_Channel1_IRQHandler
                0x080018c4                Default_Handler
                0x080018c4                EXTI15_10_IRQHandler
                0x080018c4                EXTI9_5_IRQHandler
                0x080018c4                SPI2_IRQHandler
                0x080018c4                DMA1_Channel5_IRQHandler
                0x080018c4                EXTI4_IRQHandler
                0x080018c4                USB_LP_CAN1_RX0_IRQHandler
                0x080018c4                USB_HP_CAN1_TX_IRQHandler
                0x080018c4                DMA1_Channel3_IRQHandler
                0x080018c4                TIM1_UP_IRQHandler
                0x080018c4                WWDG_IRQHandler
                0x080018c4                TIM2_IRQHandler
                0x080018c4                TIM1_BRK_IRQHandler
                0x080018c4                EXTI1_IRQHandler
                0x080018c4                I2C2_ER_IRQHandler
                0x080018c4                DMA1_Channel2_IRQHandler
                0x080018c4                CAN1_SCE_IRQHandler
                0x080018c4                FLASH_IRQHandler
                0x080018c4                USART1_IRQHandler
                0x080018c4                I2C1_ER_IRQHandler
                0x080018c4                USBWakeUp_IRQHandler
 *fill*         0x080018c6        0x2 
 .text.__libc_init_array
                0x080018c8       0x48 c:/program files (x86)/microsoft visual studio/2017/community/linux/gcc_arm/bin/../lib/gcc/arm-none-eabi/6.3.1/../../../../arm-none-eabi/lib/thumb/v7-m\libc_nano.a(lib_a-init.o)
                0x080018c8                __libc_init_array
 .text.memset   0x08001910       0x10 c:/program files (x86)/microsoft visual studio/2017/community/linux/gcc_arm/bin/../lib/gcc/arm-none-eabi/6.3.1/../../../../arm-none-eabi/lib/thumb/v7-m\libc_nano.a(lib_a-memset.o)
                0x08001910                memset
 *(.glue_7)
 .glue_7        0x08001920        0x0 linker stubs
 *(.glue_7t)
 .glue_7t       0x08001920        0x0 linker stubs
 *(.eh_frame)
 .eh_frame      0x08001920        0x0 c:/program files (x86)/microsoft visual studio/2017/community/linux/gcc_arm/bin/../lib/gcc/arm-none-eabi/6.3.1/thumb/v7-m/crtbegin.o
 *(.init)
 .init          0x08001920        0x4 c:/program files (x86)/microsoft visual studio/2017/community/linux/gcc_arm/bin/../lib/gcc/arm-none-eabi/6.3.1/thumb/v7-m/crti.o
                0x08001920                _init
 .init          0x08001924        0x8 c:/program files (x86)/microsoft visual studio/2017/community/linux/gcc_arm/bin/../lib/gcc/arm-none-eabi/6.3.1/thumb/v7-m/crtn.o
 *(.fini)
 .fini          0x0800192c        0x4 c:/program files (x86)/microsoft visual studio/2017/community/linux/gcc_arm/bin/../lib/gcc/arm-none-eabi/6.3.1/thumb/v7-m/crti.o
                0x0800192c                _fini
 .fini          0x08001930        0x8 c:/program files (x86)/microsoft visual studio/2017/community/linux/gcc_arm/bin/../lib/gcc/arm-none-eabi/6.3.1/thumb/v7-m/crtn.o
                0x08001938                . = ALIGN (0x4)
                0x08001938                _etext = .

.vfp11_veneer   0x08001938        0x0
 .vfp11_veneer  0x08001938        0x0 linker stubs

.v4_bx          0x08001938        0x0
 .v4_bx         0x08001938        0x0 linker stubs

.iplt           0x08001938        0x0
 .iplt          0x08001938        0x0 c:/program files (x86)/microsoft visual studio/2017/community/linux/gcc_arm/bin/../lib/gcc/arm-none-eabi/6.3.1/thumb/v7-m/crtbegin.o

.rodata         0x08001938       0x2c
                0x08001938                . = ALIGN (0x4)
 *(.rodata)
 .rodata        0x08001938       0x12 build/stm32f1xx_hal_rcc.o
 *(.rodata*)
 *fill*         0x0800194a        0x2 
 .rodata.AHBPrescTable
                0x0800194c       0x10 build/system_stm32f1xx.o
                0x0800194c                AHBPrescTable
 .rodata.APBPrescTable
                0x0800195c        0x8 build/system_stm32f1xx.o
                0x0800195c                APBPrescTable
                0x08001964                . = ALIGN (0x4)

.rel.dyn        0x08001964        0x0
 .rel.iplt      0x08001964        0x0 c:/program files (x86)/microsoft visual studio/2017/community/linux/gcc_arm/bin/../lib/gcc/arm-none-eabi/6.3.1/thumb/v7-m/crtbegin.o

.ARM.extab
 *(.ARM.extab* .gnu.linkonce.armextab.*)

.ARM            0x08001964        0x0
                0x08001964                __exidx_start = .
 *(.ARM.exidx*)
                0x08001964                __exidx_end = .

.preinit_array  0x08001964        0x0
                0x08001964                PROVIDE (__preinit_array_start, .)
 *(.preinit_array*)
                0x08001964                PROVIDE (__preinit_array_end, .)

.init_array     0x08001964        0x4
                0x08001964                PROVIDE (__init_array_start, .)
 *(SORT(.init_array.*))
 *(.init_array*)
 .init_array    0x08001964        0x4 c:/program files (x86)/microsoft visual studio/2017/community/linux/gcc_arm/bin/../lib/gcc/arm-none-eabi/6.3.1/thumb/v7-m/crtbegin.o
                0x08001968                PROVIDE (__init_array_end, .)

.fini_array     0x08001968        0x4
                [!provide]                PROVIDE (__fini_array_start, .)
 *(SORT(.fini_array.*))
 *(.fini_array*)
 .fini_array    0x08001968        0x4 c:/program files (x86)/microsoft visual studio/2017/community/linux/gcc_arm/bin/../lib/gcc/arm-none-eabi/6.3.1/thumb/v7-m/crtbegin.o
                [!provide]                PROVIDE (__fini_array_end, .)
                0x0800196c                _sidata = LOADADDR (.data)

.data           0x20000000        0xc load address 0x0800196c
                0x20000000                . = ALIGN (0x4)
                0x20000000                _sdata = .
 *(.data)
 *(.data*)
 .data.uwTickFreq
                0x20000000        0x1 build/stm32f1xx_hal.o
                0x20000000                uwTickFreq
 *fill*         0x20000001        0x3 
 .data.uwTickPrio
                0x20000004        0x4 build/stm32f1xx_hal.o
                0x20000004                uwTickPrio
 .data.SystemCoreClock
                0x20000008        0x4 build/system_stm32f1xx.o
                0x20000008                SystemCoreClock
                0x2000000c                . = ALIGN (0x4)
                0x2000000c                _edata = .

.jcr            0x2000000c        0x0 load address 0x08001978
 .jcr           0x2000000c        0x0 c:/program files (x86)/microsoft visual studio/2017/community/linux/gcc_arm/bin/../lib/gcc/arm-none-eabi/6.3.1/thumb/v7-m/crtbegin.o

.igot.plt       0x2000000c        0x0 load address 0x08001978
 .igot.plt      0x2000000c        0x0 c:/program files (x86)/microsoft visual studio/2017/community/linux/gcc_arm/bin/../lib/gcc/arm-none-eabi/6.3.1/thumb/v7-m/crtbegin.o
                0x2000000c                . = ALIGN (0x4)

.bss            0x2000000c      0x150 load address 0x08001978
                0x2000000c                _sbss = .
                0x2000000c                __bss_start__ = _sbss
 *(.bss)
 .bss           0x2000000c       0x1c c:/program files (x86)/microsoft visual studio/2017/community/linux/gcc_arm/bin/../lib/gcc/arm-none-eabi/6.3.1/thumb/v7-m/crtbegin.o
 *(.bss*)
 *(COMMON)
 COMMON         0x20000028      0x12e build/main.o
                0x20000028                keyboardMatrix
                0x20000030                tempInt
                0x20000031                m4kZone
                0x20000032                rawZone
                0x20000033                m4kNote
                0x20000034                midiCommand
                0x2000003c                hspi1
                0x20000094                huart2
                0x200000d4                ringBuffer
 *fill*         0x20000156        0x2 
 COMMON         0x20000158        0x4 build/stm32f1xx_hal.o
                0x20000158                uwTick
                0x2000015c                . = ALIGN (0x4)
                0x2000015c                _ebss = .
                0x2000015c                __bss_end__ = _ebss

._user_heap_stack
                0x2000015c      0x604 load address 0x08001978
                0x20000160                . = ALIGN (0x8)
 *fill*         0x2000015c        0x4 
                [!provide]                PROVIDE (end, .)
                [!provide]                PROVIDE (_end, .)
                0x20000360                . = (. + _Min_Heap_Size)
 *fill*         0x20000160      0x200 
                0x20000760                . = (. + _Min_Stack_Size)
 *fill*         0x20000360      0x400 
                0x20000760                . = ALIGN (0x8)

/DISCARD/
 libc.a(*)
 libm.a(*)
 libgcc.a(*)

.ARM.attributes
                0x00000000       0x29
 *(.ARM.attributes)
 .ARM.attributes
                0x00000000       0x1d c:/program files (x86)/microsoft visual studio/2017/community/linux/gcc_arm/bin/../lib/gcc/arm-none-eabi/6.3.1/thumb/v7-m/crti.o
 .ARM.attributes
                0x0000001d       0x2d c:/program files (x86)/microsoft visual studio/2017/community/linux/gcc_arm/bin/../lib/gcc/arm-none-eabi/6.3.1/thumb/v7-m/crtbegin.o
 .ARM.attributes
                0x0000004a       0x33 build/main.o
 .ARM.attributes
                0x0000007d       0x33 build/stm32f1xx_it.o
 .ARM.attributes
                0x000000b0       0x33 build/stm32f1xx_hal_msp.o
 .ARM.attributes
                0x000000e3       0x33 build/stm32f1xx_hal_spi.o
 .ARM.attributes
                0x00000116       0x33 build/stm32f1xx_hal_spi_ex.o
 .ARM.attributes
                0x00000149       0x33 build/stm32f1xx_hal_uart.o
 .ARM.attributes
                0x0000017c       0x33 build/stm32f1xx_hal.o
 .ARM.attributes
                0x000001af       0x33 build/stm32f1xx_hal_rcc.o
 .ARM.attributes
                0x000001e2       0x33 build/stm32f1xx_hal_gpio.o
 .ARM.attributes
                0x00000215       0x33 build/stm32f1xx_hal_dma.o
 .ARM.attributes
                0x00000248       0x33 build/stm32f1xx_hal_cortex.o
 .ARM.attributes
                0x0000027b       0x33 build/system_stm32f1xx.o
 .ARM.attributes
                0x000002ae       0x21 build/startup_stm32f103xb.o
 .ARM.attributes
                0x000002cf       0x2d c:/program files (x86)/microsoft visual studio/2017/community/linux/gcc_arm/bin/../lib/gcc/arm-none-eabi/6.3.1/../../../../arm-none-eabi/lib/thumb/v7-m\libc_nano.a(lib_a-init.o)
 .ARM.attributes
                0x000002fc       0x2d c:/program files (x86)/microsoft visual studio/2017/community/linux/gcc_arm/bin/../lib/gcc/arm-none-eabi/6.3.1/../../../../arm-none-eabi/lib/thumb/v7-m\libc_nano.a(lib_a-memset.o)
 .ARM.attributes
                0x00000329       0x1d c:/program files (x86)/microsoft visual studio/2017/community/linux/gcc_arm/bin/../lib/gcc/arm-none-eabi/6.3.1/thumb/v7-m/crtn.o
OUTPUT(build/MidiKeyboardBluePill.elf elf32-littlearm)

.debug_info     0x00000000    0x104b0
 .debug_info    0x00000000     0x18f8 build/main.o
 .debug_info    0x000018f8     0x13f0 build/stm32f1xx_it.o
 .debug_info    0x00002ce8     0x17bf build/stm32f1xx_hal_msp.o
 .debug_info    0x000044a7     0x23eb build/stm32f1xx_hal_spi.o
 .debug_info    0x00006892      0xfd9 build/stm32f1xx_hal_spi_ex.o
 .debug_info    0x0000786b     0x2112 build/stm32f1xx_hal_uart.o
 .debug_info    0x0000997d     0x113e build/stm32f1xx_hal.o
 .debug_info    0x0000aabb     0x13d0 build/stm32f1xx_hal_rcc.o
 .debug_info    0x0000be8b     0x1021 build/stm32f1xx_hal_gpio.o
 .debug_info    0x0000ceac     0x11ba build/stm32f1xx_hal_dma.o
 .debug_info    0x0000e066     0x164b build/stm32f1xx_hal_cortex.o
 .debug_info    0x0000f6b1      0xd94 build/system_stm32f1xx.o
 .debug_info    0x00010445       0x6b build/startup_stm32f103xb.o

.debug_abbrev   0x00000000     0x216b
 .debug_abbrev  0x00000000      0x31c build/main.o
 .debug_abbrev  0x0000031c      0x231 build/stm32f1xx_it.o
 .debug_abbrev  0x0000054d      0x24d build/stm32f1xx_hal_msp.o
 .debug_abbrev  0x0000079a      0x30f build/stm32f1xx_hal_spi.o
 .debug_abbrev  0x00000aa9      0x1e9 build/stm32f1xx_hal_spi_ex.o
 .debug_abbrev  0x00000c92      0x336 build/stm32f1xx_hal_uart.o
 .debug_abbrev  0x00000fc8      0x2fb build/stm32f1xx_hal.o
 .debug_abbrev  0x000012c3      0x330 build/stm32f1xx_hal_rcc.o
 .debug_abbrev  0x000015f3      0x2bc build/stm32f1xx_hal_gpio.o
 .debug_abbrev  0x000018af      0x2d2 build/stm32f1xx_hal_dma.o
 .debug_abbrev  0x00001b81      0x3d1 build/stm32f1xx_hal_cortex.o
 .debug_abbrev  0x00001f52      0x207 build/system_stm32f1xx.o
 .debug_abbrev  0x00002159       0x12 build/startup_stm32f103xb.o

.debug_loc      0x00000000     0x5aed
 .debug_loc     0x00000000      0x169 build/main.o
 .debug_loc     0x00000169       0x84 build/stm32f1xx_it.o
 .debug_loc     0x000001ed      0x200 build/stm32f1xx_hal_msp.o
 .debug_loc     0x000003ed     0x205d build/stm32f1xx_hal_spi.o
 .debug_loc     0x0000244a       0x79 build/stm32f1xx_hal_spi_ex.o
 .debug_loc     0x000024c3     0x19c9 build/stm32f1xx_hal_uart.o
 .debug_loc     0x00003e8c      0x1a8 build/stm32f1xx_hal.o
 .debug_loc     0x00004034      0x651 build/stm32f1xx_hal_rcc.o
 .debug_loc     0x00004685      0x501 build/stm32f1xx_hal_gpio.o
 .debug_loc     0x00004b86      0x84b build/stm32f1xx_hal_dma.o
 .debug_loc     0x000053d1      0x63d build/stm32f1xx_hal_cortex.o
 .debug_loc     0x00005a0e       0xdf build/system_stm32f1xx.o

.debug_aranges  0x00000000      0x7d0
 .debug_aranges
                0x00000000       0x48 build/main.o
 .debug_aranges
                0x00000048       0x70 build/stm32f1xx_it.o
 .debug_aranges
                0x000000b8       0x40 build/stm32f1xx_hal_msp.o
 .debug_aranges
                0x000000f8      0x1d0 build/stm32f1xx_hal_spi.o
 .debug_aranges
                0x000002c8       0x20 build/stm32f1xx_hal_spi_ex.o
 .debug_aranges
                0x000002e8      0x1d0 build/stm32f1xx_hal_uart.o
 .debug_aranges
                0x000004b8       0xd0 build/stm32f1xx_hal.o
 .debug_aranges
                0x00000588       0x90 build/stm32f1xx_hal_rcc.o
 .debug_aranges
                0x00000618       0x58 build/stm32f1xx_hal_gpio.o
 .debug_aranges
                0x00000670       0x80 build/stm32f1xx_hal_dma.o
 .debug_aranges
                0x000006f0       0x90 build/stm32f1xx_hal_cortex.o
 .debug_aranges
                0x00000780       0x28 build/system_stm32f1xx.o
 .debug_aranges
                0x000007a8       0x28 build/startup_stm32f103xb.o

.debug_ranges   0x00000000      0x7a0
 .debug_ranges  0x00000000       0x38 build/main.o
 .debug_ranges  0x00000038       0x78 build/stm32f1xx_it.o
 .debug_ranges  0x000000b0       0x30 build/stm32f1xx_hal_msp.o
 .debug_ranges  0x000000e0      0x1c0 build/stm32f1xx_hal_spi.o
 .debug_ranges  0x000002a0       0x10 build/stm32f1xx_hal_spi_ex.o
 .debug_ranges  0x000002b0      0x1c0 build/stm32f1xx_hal_uart.o
 .debug_ranges  0x00000470       0xc0 build/stm32f1xx_hal.o
 .debug_ranges  0x00000530       0xa0 build/stm32f1xx_hal_rcc.o
 .debug_ranges  0x000005d0       0x48 build/stm32f1xx_hal_gpio.o
 .debug_ranges  0x00000618       0x70 build/stm32f1xx_hal_dma.o
 .debug_ranges  0x00000688       0xe0 build/stm32f1xx_hal_cortex.o
 .debug_ranges  0x00000768       0x18 build/system_stm32f1xx.o
 .debug_ranges  0x00000780       0x20 build/startup_stm32f103xb.o

.debug_line     0x00000000     0x437a
 .debug_line    0x00000000      0x43d build/main.o
 .debug_line    0x0000043d      0x3b8 build/stm32f1xx_it.o
 .debug_line    0x000007f5      0x37f build/stm32f1xx_hal_msp.o
 .debug_line    0x00000b74      0xccb build/stm32f1xx_hal_spi.o
 .debug_line    0x0000183f      0x2fc build/stm32f1xx_hal_spi_ex.o
 .debug_line    0x00001b3b      0xbd6 build/stm32f1xx_hal_uart.o
 .debug_line    0x00002711      0x46a build/stm32f1xx_hal.o
 .debug_line    0x00002b7b      0x5ce build/stm32f1xx_hal_rcc.o
 .debug_line    0x00003149      0x478 build/stm32f1xx_hal_gpio.o
 .debug_line    0x000035c1      0x634 build/stm32f1xx_hal_dma.o
 .debug_line    0x00003bf5      0x447 build/stm32f1xx_hal_cortex.o
 .debug_line    0x0000403c      0x2cc build/system_stm32f1xx.o
 .debug_line    0x00004308       0x72 build/startup_stm32f103xb.o

.debug_str      0x00000000     0x26fb
 .debug_str     0x00000000      0xdc5 build/main.o
                                0xe8d (size before relaxing)
 .debug_str     0x00000dc5       0xf8 build/stm32f1xx_it.o
                                0xc72 (size before relaxing)
 .debug_str     0x00000ebd      0x3c4 build/stm32f1xx_hal_msp.o
                                0xf7d (size before relaxing)
 .debug_str     0x00001281      0x51d build/stm32f1xx_hal_spi.o
                                0xf83 (size before relaxing)
 .debug_str     0x0000179e       0x38 build/stm32f1xx_hal_spi_ex.o
                                0xa6b (size before relaxing)
 .debug_str     0x000017d6      0x518 build/stm32f1xx_hal_uart.o
                                0xff8 (size before relaxing)
 .debug_str     0x00001cee      0x240 build/stm32f1xx_hal.o
                                0xc1b (size before relaxing)
 .debug_str     0x00001f2e      0x1b7 build/stm32f1xx_hal_rcc.o
                                0xa87 (size before relaxing)
 .debug_str     0x000020e5      0x11e build/stm32f1xx_hal_gpio.o
                                0x8b0 (size before relaxing)
 .debug_str     0x00002203      0x207 build/stm32f1xx_hal_dma.o
                                0xaa7 (size before relaxing)
 .debug_str     0x0000240a      0x2a7 build/stm32f1xx_hal_cortex.o
                                0xd43 (size before relaxing)
 .debug_str     0x000026b1       0x4a build/system_stm32f1xx.o
                                0x719 (size before relaxing)

.comment        0x00000000       0x7f
 .comment       0x00000000       0x7f build/main.o
                                 0x80 (size before relaxing)
 .comment       0x0000007f       0x80 build/stm32f1xx_it.o
 .comment       0x0000007f       0x80 build/stm32f1xx_hal_msp.o
 .comment       0x0000007f       0x80 build/stm32f1xx_hal_spi.o
 .comment       0x0000007f       0x80 build/stm32f1xx_hal_spi_ex.o
 .comment       0x0000007f       0x80 build/stm32f1xx_hal_uart.o
 .comment       0x0000007f       0x80 build/stm32f1xx_hal.o
 .comment       0x0000007f       0x80 build/stm32f1xx_hal_rcc.o
 .comment       0x0000007f       0x80 build/stm32f1xx_hal_gpio.o
 .comment       0x0000007f       0x80 build/stm32f1xx_hal_dma.o
 .comment       0x0000007f       0x80 build/stm32f1xx_hal_cortex.o
 .comment       0x0000007f       0x80 build/system_stm32f1xx.o

.debug_frame    0x00000000     0x155c
 .debug_frame   0x00000000       0xb8 build/main.o
 .debug_frame   0x000000b8       0xe8 build/stm32f1xx_it.o
 .debug_frame   0x000001a0       0xa8 build/stm32f1xx_hal_msp.o
 .debug_frame   0x00000248      0x5f8 build/stm32f1xx_hal_spi.o
 .debug_frame   0x00000840       0x30 build/stm32f1xx_hal_spi_ex.o
 .debug_frame   0x00000870      0x57c build/stm32f1xx_hal_uart.o
 .debug_frame   0x00000dec      0x1c0 build/stm32f1xx_hal.o
 .debug_frame   0x00000fac      0x18c build/stm32f1xx_hal_rcc.o
 .debug_frame   0x00001138      0x104 build/stm32f1xx_hal_gpio.o
 .debug_frame   0x0000123c      0x168 build/stm32f1xx_hal_dma.o
 .debug_frame   0x000013a4      0x13c build/stm32f1xx_hal_cortex.o
 .debug_frame   0x000014e0       0x30 build/system_stm32f1xx.o
 .debug_frame   0x00001510       0x2c c:/program files (x86)/microsoft visual studio/2017/community/linux/gcc_arm/bin/../lib/gcc/arm-none-eabi/6.3.1/../../../../arm-none-eabi/lib/thumb/v7-m\libc_nano.a(lib_a-init.o)
 .debug_frame   0x0000153c       0x20 c:/program files (x86)/microsoft visual studio/2017/community/linux/gcc_arm/bin/../lib/gcc/arm-none-eabi/6.3.1/../../../../arm-none-eabi/lib/thumb/v7-m\libc_nano.a(lib_a-memset.o)

Cross Reference Table

Symbol                                            File
ADC1_2_IRQHandler                                 build/startup_stm32f103xb.o
AHBPrescTable                                     build/system_stm32f1xx.o
                                                  build/stm32f1xx_hal_rcc.o
APBPrescTable                                     build/system_stm32f1xx.o
                                                  build/stm32f1xx_hal_rcc.o
BusFault_Handler                                  build/stm32f1xx_it.o
CAN1_RX1_IRQHandler                               build/startup_stm32f103xb.o
CAN1_SCE_IRQHandler                               build/startup_stm32f103xb.o
DMA1_Channel1_IRQHandler                          build/startup_stm32f103xb.o
DMA1_Channel2_IRQHandler                          build/startup_stm32f103xb.o
DMA1_Channel3_IRQHandler                          build/startup_stm32f103xb.o
DMA1_Channel4_IRQHandler                          build/startup_stm32f103xb.o
DMA1_Channel5_IRQHandler                          build/startup_stm32f103xb.o
DMA1_Channel6_IRQHandler                          build/startup_stm32f103xb.o
DMA1_Channel7_IRQHandler                          build/startup_stm32f103xb.o
DebugMon_Handler                                  build/stm32f1xx_it.o
Default_Handler                                   build/startup_stm32f103xb.o
EXTI0_IRQHandler                                  build/startup_stm32f103xb.o
EXTI15_10_IRQHandler                              build/startup_stm32f103xb.o
EXTI1_IRQHandler                                  build/startup_stm32f103xb.o
EXTI2_IRQHandler                                  build/startup_stm32f103xb.o
EXTI3_IRQHandler                                  build/startup_stm32f103xb.o
EXTI4_IRQHandler                                  build/startup_stm32f103xb.o
EXTI9_5_IRQHandler                                build/startup_stm32f103xb.o
Error_Handler                                     build/main.o
FLASH_IRQHandler                                  build/startup_stm32f103xb.o
FLASH_PageErase                                   build/stm32f1xx_hal_flash_ex.o
                                                  build/stm32f1xx_hal_flash.o
FLASH_WaitForLastOperation                        build/stm32f1xx_hal_flash.o
                                                  build/stm32f1xx_hal_flash_ex.o
HAL_DBGMCU_DisableDBGSleepMode                    build/stm32f1xx_hal.o
HAL_DBGMCU_DisableDBGStandbyMode                  build/stm32f1xx_hal.o
HAL_DBGMCU_DisableDBGStopMode                     build/stm32f1xx_hal.o
HAL_DBGMCU_EnableDBGSleepMode                     build/stm32f1xx_hal.o
HAL_DBGMCU_EnableDBGStandbyMode                   build/stm32f1xx_hal.o
HAL_DBGMCU_EnableDBGStopMode                      build/stm32f1xx_hal.o
HAL_DMA_Abort                                     build/stm32f1xx_hal_dma.o
                                                  build/stm32f1xx_hal_uart.o
                                                  build/stm32f1xx_hal_spi.o
HAL_DMA_Abort_IT                                  build/stm32f1xx_hal_dma.o
                                                  build/stm32f1xx_hal_uart.o
                                                  build/stm32f1xx_hal_spi.o
HAL_DMA_DeInit                                    build/stm32f1xx_hal_dma.o
HAL_DMA_GetError                                  build/stm32f1xx_hal_dma.o
HAL_DMA_GetState                                  build/stm32f1xx_hal_dma.o
HAL_DMA_IRQHandler                                build/stm32f1xx_hal_dma.o
HAL_DMA_Init                                      build/stm32f1xx_hal_dma.o
HAL_DMA_PollForTransfer                           build/stm32f1xx_hal_dma.o
HAL_DMA_RegisterCallback                          build/stm32f1xx_hal_dma.o
HAL_DMA_Start                                     build/stm32f1xx_hal_dma.o
HAL_DMA_Start_IT                                  build/stm32f1xx_hal_dma.o
                                                  build/stm32f1xx_hal_uart.o
                                                  build/stm32f1xx_hal_spi.o
HAL_DMA_UnRegisterCallback                        build/stm32f1xx_hal_dma.o
HAL_DeInit                                        build/stm32f1xx_hal.o
HAL_Delay                                         build/stm32f1xx_hal.o
HAL_FLASHEx_Erase                                 build/stm32f1xx_hal_flash_ex.o
HAL_FLASHEx_Erase_IT                              build/stm32f1xx_hal_flash_ex.o
HAL_FLASHEx_OBErase                               build/stm32f1xx_hal_flash_ex.o
HAL_FLASHEx_OBGetConfig                           build/stm32f1xx_hal_flash_ex.o
HAL_FLASHEx_OBGetUserData                         build/stm32f1xx_hal_flash_ex.o
HAL_FLASHEx_OBProgram                             build/stm32f1xx_hal_flash_ex.o
HAL_FLASH_EndOfOperationCallback                  build/stm32f1xx_hal_flash.o
HAL_FLASH_GetError                                build/stm32f1xx_hal_flash.o
HAL_FLASH_IRQHandler                              build/stm32f1xx_hal_flash.o
HAL_FLASH_Lock                                    build/stm32f1xx_hal_flash.o
HAL_FLASH_OB_Launch                               build/stm32f1xx_hal_flash.o
HAL_FLASH_OB_Lock                                 build/stm32f1xx_hal_flash.o
HAL_FLASH_OB_Unlock                               build/stm32f1xx_hal_flash.o
HAL_FLASH_OperationErrorCallback                  build/stm32f1xx_hal_flash.o
HAL_FLASH_Program                                 build/stm32f1xx_hal_flash.o
HAL_FLASH_Program_IT                              build/stm32f1xx_hal_flash.o
HAL_FLASH_Unlock                                  build/stm32f1xx_hal_flash.o
HAL_GPIOEx_ConfigEventout                         build/stm32f1xx_hal_gpio_ex.o
HAL_GPIOEx_DisableEventout                        build/stm32f1xx_hal_gpio_ex.o
HAL_GPIOEx_EnableEventout                         build/stm32f1xx_hal_gpio_ex.o
HAL_GPIO_DeInit                                   build/stm32f1xx_hal_gpio.o
                                                  build/stm32f1xx_hal_msp.o
HAL_GPIO_EXTI_Callback                            build/stm32f1xx_hal_gpio.o
HAL_GPIO_EXTI_IRQHandler                          build/stm32f1xx_hal_gpio.o
HAL_GPIO_Init                                     build/stm32f1xx_hal_gpio.o
                                                  build/stm32f1xx_hal_rcc.o
                                                  build/stm32f1xx_hal_msp.o
                                                  build/main.o
HAL_GPIO_LockPin                                  build/stm32f1xx_hal_gpio.o
HAL_GPIO_ReadPin                                  build/stm32f1xx_hal_gpio.o
HAL_GPIO_TogglePin                                build/stm32f1xx_hal_gpio.o
HAL_GPIO_WritePin                                 build/stm32f1xx_hal_gpio.o
                                                  build/main.o
HAL_GetDEVID                                      build/stm32f1xx_hal.o
HAL_GetHalVersion                                 build/stm32f1xx_hal.o
HAL_GetREVID                                      build/stm32f1xx_hal.o
HAL_GetTick                                       build/stm32f1xx_hal.o
                                                  build/stm32f1xx_hal_flash.o
                                                  build/stm32f1xx_hal_dma.o
                                                  build/stm32f1xx_hal_rcc_ex.o
                                                  build/stm32f1xx_hal_rcc.o
                                                  build/stm32f1xx_hal_uart.o
                                                  build/stm32f1xx_hal_spi.o
HAL_GetTickFreq                                   build/stm32f1xx_hal.o
HAL_GetTickPrio                                   build/stm32f1xx_hal.o
HAL_GetUID                                        build/stm32f1xx_hal.o
HAL_HalfDuplex_EnableReceiver                     build/stm32f1xx_hal_uart.o
HAL_HalfDuplex_EnableTransmitter                  build/stm32f1xx_hal_uart.o
HAL_HalfDuplex_Init                               build/stm32f1xx_hal_uart.o
HAL_IncTick                                       build/stm32f1xx_hal.o
                                                  build/stm32f1xx_it.o
HAL_Init                                          build/stm32f1xx_hal.o
                                                  build/main.o
HAL_InitTick                                      build/stm32f1xx_hal.o
                                                  build/stm32f1xx_hal_rcc.o
HAL_LIN_Init                                      build/stm32f1xx_hal_uart.o
HAL_LIN_SendBreak                                 build/stm32f1xx_hal_uart.o
HAL_MspDeInit                                     build/stm32f1xx_hal.o
HAL_MspInit                                       build/stm32f1xx_hal_msp.o
HAL_MultiProcessor_EnterMuteMode                  build/stm32f1xx_hal_uart.o
HAL_MultiProcessor_ExitMuteMode                   build/stm32f1xx_hal_uart.o
HAL_MultiProcessor_Init                           build/stm32f1xx_hal_uart.o
HAL_NVIC_ClearPendingIRQ                          build/stm32f1xx_hal_cortex.o
HAL_NVIC_DisableIRQ                               build/stm32f1xx_hal_cortex.o
                                                  build/stm32f1xx_hal_msp.o
HAL_NVIC_EnableIRQ                                build/stm32f1xx_hal_cortex.o
                                                  build/stm32f1xx_hal_msp.o
HAL_NVIC_GetActive                                build/stm32f1xx_hal_cortex.o
HAL_NVIC_GetPendingIRQ                            build/stm32f1xx_hal_cortex.o
HAL_NVIC_GetPriority                              build/stm32f1xx_hal_cortex.o
HAL_NVIC_GetPriorityGrouping                      build/stm32f1xx_hal_cortex.o
HAL_NVIC_SetPendingIRQ                            build/stm32f1xx_hal_cortex.o
HAL_NVIC_SetPriority                              build/stm32f1xx_hal_cortex.o
                                                  build/stm32f1xx_hal.o
                                                  build/stm32f1xx_hal_msp.o
HAL_NVIC_SetPriorityGrouping                      build/stm32f1xx_hal_cortex.o
                                                  build/stm32f1xx_hal.o
HAL_NVIC_SystemReset                              build/stm32f1xx_hal_cortex.o
                                                  build/stm32f1xx_hal_flash.o
HAL_PWR_ConfigPVD                                 build/stm32f1xx_hal_pwr.o
HAL_PWR_DeInit                                    build/stm32f1xx_hal_pwr.o
HAL_PWR_DisableBkUpAccess                         build/stm32f1xx_hal_pwr.o
HAL_PWR_DisablePVD                                build/stm32f1xx_hal_pwr.o
HAL_PWR_DisableSEVOnPend                          build/stm32f1xx_hal_pwr.o
HAL_PWR_DisableSleepOnExit                        build/stm32f1xx_hal_pwr.o
HAL_PWR_DisableWakeUpPin                          build/stm32f1xx_hal_pwr.o
HAL_PWR_EnableBkUpAccess                          build/stm32f1xx_hal_pwr.o
HAL_PWR_EnablePVD                                 build/stm32f1xx_hal_pwr.o
HAL_PWR_EnableSEVOnPend                           build/stm32f1xx_hal_pwr.o
HAL_PWR_EnableSleepOnExit                         build/stm32f1xx_hal_pwr.o
HAL_PWR_EnableWakeUpPin                           build/stm32f1xx_hal_pwr.o
HAL_PWR_EnterSLEEPMode                            build/stm32f1xx_hal_pwr.o
HAL_PWR_EnterSTANDBYMode                          build/stm32f1xx_hal_pwr.o
HAL_PWR_EnterSTOPMode                             build/stm32f1xx_hal_pwr.o
HAL_PWR_PVDCallback                               build/stm32f1xx_hal_pwr.o
HAL_PWR_PVD_IRQHandler                            build/stm32f1xx_hal_pwr.o
HAL_RCCEx_GetPeriphCLKConfig                      build/stm32f1xx_hal_rcc_ex.o
HAL_RCCEx_GetPeriphCLKFreq                        build/stm32f1xx_hal_rcc_ex.o
HAL_RCCEx_PeriphCLKConfig                         build/stm32f1xx_hal_rcc_ex.o
HAL_RCC_CSSCallback                               build/stm32f1xx_hal_rcc.o
HAL_RCC_ClockConfig                               build/stm32f1xx_hal_rcc.o
                                                  build/main.o
HAL_RCC_DeInit                                    build/stm32f1xx_hal_rcc.o
HAL_RCC_DisableCSS                                build/stm32f1xx_hal_rcc.o
HAL_RCC_EnableCSS                                 build/stm32f1xx_hal_rcc.o
HAL_RCC_GetClockConfig                            build/stm32f1xx_hal_rcc.o
HAL_RCC_GetHCLKFreq                               build/stm32f1xx_hal_rcc.o
HAL_RCC_GetOscConfig                              build/stm32f1xx_hal_rcc.o
HAL_RCC_GetPCLK1Freq                              build/stm32f1xx_hal_rcc.o
                                                  build/stm32f1xx_hal_uart.o
HAL_RCC_GetPCLK2Freq                              build/stm32f1xx_hal_rcc.o
                                                  build/stm32f1xx_hal_rcc_ex.o
                                                  build/stm32f1xx_hal_uart.o
HAL_RCC_GetSysClockFreq                           build/stm32f1xx_hal_rcc.o
HAL_RCC_MCOConfig                                 build/stm32f1xx_hal_rcc.o
HAL_RCC_NMI_IRQHandler                            build/stm32f1xx_hal_rcc.o
HAL_RCC_OscConfig                                 build/stm32f1xx_hal_rcc.o
                                                  build/main.o
HAL_ResumeTick                                    build/stm32f1xx_hal.o
HAL_SPI_Abort                                     build/stm32f1xx_hal_spi.o
HAL_SPI_AbortCpltCallback                         build/stm32f1xx_hal_spi.o
HAL_SPI_Abort_IT                                  build/stm32f1xx_hal_spi.o
HAL_SPI_DMAPause                                  build/stm32f1xx_hal_spi.o
HAL_SPI_DMAResume                                 build/stm32f1xx_hal_spi.o
HAL_SPI_DMAStop                                   build/stm32f1xx_hal_spi.o
HAL_SPI_DeInit                                    build/stm32f1xx_hal_spi.o
HAL_SPI_ErrorCallback                             build/stm32f1xx_hal_spi.o
HAL_SPI_GetError                                  build/stm32f1xx_hal_spi.o
HAL_SPI_GetState                                  build/stm32f1xx_hal_spi.o
HAL_SPI_IRQHandler                                build/stm32f1xx_hal_spi.o
                                                  build/stm32f1xx_it.o
HAL_SPI_Init                                      build/stm32f1xx_hal_spi_ex.o
                                                  build/stm32f1xx_hal_spi.o
                                                  build/main.o
HAL_SPI_MspDeInit                                 build/stm32f1xx_hal_msp.o
HAL_SPI_MspInit                                   build/stm32f1xx_hal_msp.o
                                                  build/stm32f1xx_hal_spi_ex.o
HAL_SPI_Receive                                   build/stm32f1xx_hal_spi.o
HAL_SPI_Receive_DMA                               build/stm32f1xx_hal_spi.o
HAL_SPI_Receive_IT                                build/stm32f1xx_hal_spi.o
HAL_SPI_RxCpltCallback                            build/stm32f1xx_hal_spi.o
HAL_SPI_RxHalfCpltCallback                        build/stm32f1xx_hal_spi.o
HAL_SPI_Transmit                                  build/stm32f1xx_hal_spi.o
HAL_SPI_TransmitReceive                           build/stm32f1xx_hal_spi.o
HAL_SPI_TransmitReceive_DMA                       build/stm32f1xx_hal_spi.o
HAL_SPI_TransmitReceive_IT                        build/stm32f1xx_hal_spi.o
HAL_SPI_Transmit_DMA                              build/stm32f1xx_hal_spi.o
HAL_SPI_Transmit_IT                               build/stm32f1xx_hal_spi.o
HAL_SPI_TxCpltCallback                            build/stm32f1xx_hal_spi.o
HAL_SPI_TxHalfCpltCallback                        build/stm32f1xx_hal_spi.o
HAL_SPI_TxRxCpltCallback                          build/stm32f1xx_hal_spi.o
HAL_SPI_TxRxHalfCpltCallback                      build/stm32f1xx_hal_spi.o
HAL_SYSTICK_CLKSourceConfig                       build/stm32f1xx_hal_cortex.o
HAL_SYSTICK_Callback                              build/stm32f1xx_hal_cortex.o
HAL_SYSTICK_Config                                build/stm32f1xx_hal_cortex.o
                                                  build/stm32f1xx_hal.o
HAL_SYSTICK_IRQHandler                            build/stm32f1xx_hal_cortex.o
HAL_SetTickFreq                                   build/stm32f1xx_hal.o
HAL_SuspendTick                                   build/stm32f1xx_hal.o
HAL_UART_Abort                                    build/stm32f1xx_hal_uart.o
HAL_UART_AbortCpltCallback                        build/stm32f1xx_hal_uart.o
HAL_UART_AbortReceive                             build/stm32f1xx_hal_uart.o
HAL_UART_AbortReceiveCpltCallback                 build/stm32f1xx_hal_uart.o
HAL_UART_AbortReceive_IT                          build/stm32f1xx_hal_uart.o
HAL_UART_AbortTransmit                            build/stm32f1xx_hal_uart.o
HAL_UART_AbortTransmitCpltCallback                build/stm32f1xx_hal_uart.o
HAL_UART_AbortTransmit_IT                         build/stm32f1xx_hal_uart.o
HAL_UART_Abort_IT                                 build/stm32f1xx_hal_uart.o
HAL_UART_DMAPause                                 build/stm32f1xx_hal_uart.o
HAL_UART_DMAResume                                build/stm32f1xx_hal_uart.o
HAL_UART_DMAStop                                  build/stm32f1xx_hal_uart.o
HAL_UART_DeInit                                   build/stm32f1xx_hal_uart.o
HAL_UART_ErrorCallback                            build/stm32f1xx_hal_uart.o
HAL_UART_GetError                                 build/stm32f1xx_hal_uart.o
HAL_UART_GetState                                 build/stm32f1xx_hal_uart.o
HAL_UART_IRQHandler                               build/stm32f1xx_hal_uart.o
                                                  build/stm32f1xx_it.o
HAL_UART_Init                                     build/stm32f1xx_hal_uart.o
                                                  build/main.o
HAL_UART_MspDeInit                                build/stm32f1xx_hal_msp.o
HAL_UART_MspInit                                  build/stm32f1xx_hal_msp.o
HAL_UART_Receive                                  build/stm32f1xx_hal_uart.o
HAL_UART_Receive_DMA                              build/stm32f1xx_hal_uart.o
HAL_UART_Receive_IT                               build/stm32f1xx_hal_uart.o
HAL_UART_RxCpltCallback                           build/stm32f1xx_hal_uart.o
HAL_UART_RxHalfCpltCallback                       build/stm32f1xx_hal_uart.o
HAL_UART_Transmit                                 build/stm32f1xx_hal_uart.o
HAL_UART_Transmit_DMA                             build/stm32f1xx_hal_uart.o
HAL_UART_Transmit_IT                              build/stm32f1xx_hal_uart.o
HAL_UART_TxCpltCallback                           build/stm32f1xx_hal_uart.o
HAL_UART_TxHalfCpltCallback                       build/stm32f1xx_hal_uart.o
HardFault_Handler                                 build/stm32f1xx_it.o
I2C1_ER_IRQHandler                                build/startup_stm32f103xb.o
I2C1_EV_IRQHandler                                build/startup_stm32f103xb.o
I2C2_ER_IRQHandler                                build/startup_stm32f103xb.o
I2C2_EV_IRQHandler                                build/startup_stm32f103xb.o
MemManage_Handler                                 build/stm32f1xx_it.o
NMI_Handler                                       build/stm32f1xx_it.o
PVD_IRQHandler                                    build/startup_stm32f103xb.o
PendSV_Handler                                    build/stm32f1xx_it.o
RCC_IRQHandler                                    build/startup_stm32f103xb.o
RTC_Alarm_IRQHandler                              build/startup_stm32f103xb.o
RTC_IRQHandler                                    build/startup_stm32f103xb.o
Reset_Handler                                     build/startup_stm32f103xb.o
SPI1_IRQHandler                                   build/stm32f1xx_it.o
SPI2_IRQHandler                                   build/startup_stm32f103xb.o
SPI_ISCRCErrorValid                               build/stm32f1xx_hal_spi.o
SVC_Handler                                       build/stm32f1xx_it.o
SysTick_Handler                                   build/stm32f1xx_it.o
SystemClock_Config                                build/main.o
SystemCoreClock                                   build/system_stm32f1xx.o
                                                  build/stm32f1xx_hal_rcc.o
                                                  build/stm32f1xx_hal.o
                                                  build/stm32f1xx_hal_spi.o
SystemCoreClockUpdate                             build/system_stm32f1xx.o
SystemInit                                        build/system_stm32f1xx.o
                                                  build/startup_stm32f103xb.o
TAMPER_IRQHandler                                 build/startup_stm32f103xb.o
TIM1_BRK_IRQHandler                               build/startup_stm32f103xb.o
TIM1_CC_IRQHandler                                build/startup_stm32f103xb.o
TIM1_TRG_COM_IRQHandler                           build/startup_stm32f103xb.o
TIM1_UP_IRQHandler                                build/startup_stm32f103xb.o
TIM2_IRQHandler                                   build/startup_stm32f103xb.o
TIM3_IRQHandler                                   build/startup_stm32f103xb.o
TIM4_IRQHandler                                   build/startup_stm32f103xb.o
USART1_IRQHandler                                 build/startup_stm32f103xb.o
USART2_IRQHandler                                 build/stm32f1xx_it.o
USART3_IRQHandler                                 build/startup_stm32f103xb.o
USBWakeUp_IRQHandler                              build/startup_stm32f103xb.o
USB_HP_CAN1_TX_IRQHandler                         build/startup_stm32f103xb.o
USB_LP_CAN1_RX0_IRQHandler                        build/startup_stm32f103xb.o
UsageFault_Handler                                build/stm32f1xx_it.o
WWDG_IRQHandler                                   build/startup_stm32f103xb.o
_Jv_RegisterClasses                               c:/program files (x86)/microsoft visual studio/2017/community/linux/gcc_arm/bin/../lib/gcc/arm-none-eabi/6.3.1/thumb/v7-m/crtbegin.o
__bss_end__                                       c:/program files (x86)/microsoft visual studio/2017/community/linux/gcc_arm/bin/../lib/gcc/arm-none-eabi/6.3.1/../../../../arm-none-eabi/lib/thumb/v7-m/crt0.o
__bss_start__                                     c:/program files (x86)/microsoft visual studio/2017/community/linux/gcc_arm/bin/../lib/gcc/arm-none-eabi/6.3.1/../../../../arm-none-eabi/lib/thumb/v7-m/crt0.o
__call_exitprocs                                  c:/program files (x86)/microsoft visual studio/2017/community/linux/gcc_arm/bin/../lib/gcc/arm-none-eabi/6.3.1/../../../../arm-none-eabi/lib/thumb/v7-m\libc_nano.a(lib_a-exit.o)
__deregister_frame_info                           c:/program files (x86)/microsoft visual studio/2017/community/linux/gcc_arm/bin/../lib/gcc/arm-none-eabi/6.3.1/thumb/v7-m/crtbegin.o
__dso_handle                                      c:/program files (x86)/microsoft visual studio/2017/community/linux/gcc_arm/bin/../lib/gcc/arm-none-eabi/6.3.1/thumb/v7-m/crtbegin.o
__init_array_end                                  c:/program files (x86)/microsoft visual studio/2017/community/linux/gcc_arm/bin/../lib/gcc/arm-none-eabi/6.3.1/../../../../arm-none-eabi/lib/thumb/v7-m\libc_nano.a(lib_a-init.o)
__init_array_start                                c:/program files (x86)/microsoft visual studio/2017/community/linux/gcc_arm/bin/../lib/gcc/arm-none-eabi/6.3.1/../../../../arm-none-eabi/lib/thumb/v7-m\libc_nano.a(lib_a-init.o)
__libc_fini_array                                 c:/program files (x86)/microsoft visual studio/2017/community/linux/gcc_arm/bin/../lib/gcc/arm-none-eabi/6.3.1/../../../../arm-none-eabi/lib/thumb/v7-m/crt0.o
__libc_init_array                                 c:/program files (x86)/microsoft visual studio/2017/community/linux/gcc_arm/bin/../lib/gcc/arm-none-eabi/6.3.1/../../../../arm-none-eabi/lib/thumb/v7-m\libc_nano.a(lib_a-init.o)
                                                  build/startup_stm32f103xb.o
                                                  c:/program files (x86)/microsoft visual studio/2017/community/linux/gcc_arm/bin/../lib/gcc/arm-none-eabi/6.3.1/../../../../arm-none-eabi/lib/thumb/v7-m/crt0.o
__preinit_array_end                               c:/program files (x86)/microsoft visual studio/2017/community/linux/gcc_arm/bin/../lib/gcc/arm-none-eabi/6.3.1/../../../../arm-none-eabi/lib/thumb/v7-m\libc_nano.a(lib_a-init.o)
__preinit_array_start                             c:/program files (x86)/microsoft visual studio/2017/community/linux/gcc_arm/bin/../lib/gcc/arm-none-eabi/6.3.1/../../../../arm-none-eabi/lib/thumb/v7-m\libc_nano.a(lib_a-init.o)
__register_frame_info                             c:/program files (x86)/microsoft visual studio/2017/community/linux/gcc_arm/bin/../lib/gcc/arm-none-eabi/6.3.1/thumb/v7-m/crtbegin.o
__sf_fake_stderr                                  c:/program files (x86)/microsoft visual studio/2017/community/linux/gcc_arm/bin/../lib/gcc/arm-none-eabi/6.3.1/../../../../arm-none-eabi/lib/thumb/v7-m\libc_nano.a(lib_a-impure.o)
__sf_fake_stdin                                   c:/program files (x86)/microsoft visual studio/2017/community/linux/gcc_arm/bin/../lib/gcc/arm-none-eabi/6.3.1/../../../../arm-none-eabi/lib/thumb/v7-m\libc_nano.a(lib_a-impure.o)
__sf_fake_stdout                                  c:/program files (x86)/microsoft visual studio/2017/community/linux/gcc_arm/bin/../lib/gcc/arm-none-eabi/6.3.1/../../../../arm-none-eabi/lib/thumb/v7-m\libc_nano.a(lib_a-impure.o)
__stack                                           c:/program files (x86)/microsoft visual studio/2017/community/linux/gcc_arm/bin/../lib/gcc/arm-none-eabi/6.3.1/../../../../arm-none-eabi/lib/thumb/v7-m/crt0.o
_ebss                                             build/startup_stm32f103xb.o
_edata                                            build/startup_stm32f103xb.o
_estack                                           build/startup_stm32f103xb.o
_exit                                             c:/program files (x86)/microsoft visual studio/2017/community/linux/gcc_arm/bin/../lib/gcc/arm-none-eabi/6.3.1/../../../../arm-none-eabi/lib/thumb/v7-m\libnosys.a(_exit.o)
                                                  c:/program files (x86)/microsoft visual studio/2017/community/linux/gcc_arm/bin/../lib/gcc/arm-none-eabi/6.3.1/../../../../arm-none-eabi/lib/thumb/v7-m\libc_nano.a(lib_a-exit.o)
_fini                                             c:/program files (x86)/microsoft visual studio/2017/community/linux/gcc_arm/bin/../lib/gcc/arm-none-eabi/6.3.1/thumb/v7-m/crti.o
_global_impure_ptr                                c:/program files (x86)/microsoft visual studio/2017/community/linux/gcc_arm/bin/../lib/gcc/arm-none-eabi/6.3.1/../../../../arm-none-eabi/lib/thumb/v7-m\libc_nano.a(lib_a-impure.o)
                                                  c:/program files (x86)/microsoft visual studio/2017/community/linux/gcc_arm/bin/../lib/gcc/arm-none-eabi/6.3.1/../../../../arm-none-eabi/lib/thumb/v7-m\libc_nano.a(lib_a-exit.o)
_impure_ptr                                       c:/program files (x86)/microsoft visual studio/2017/community/linux/gcc_arm/bin/../lib/gcc/arm-none-eabi/6.3.1/../../../../arm-none-eabi/lib/thumb/v7-m\libc_nano.a(lib_a-impure.o)
_init                                             c:/program files (x86)/microsoft visual studio/2017/community/linux/gcc_arm/bin/../lib/gcc/arm-none-eabi/6.3.1/thumb/v7-m/crti.o
                                                  c:/program files (x86)/microsoft visual studio/2017/community/linux/gcc_arm/bin/../lib/gcc/arm-none-eabi/6.3.1/../../../../arm-none-eabi/lib/thumb/v7-m\libc_nano.a(lib_a-init.o)
_mainCRTStartup                                   c:/program files (x86)/microsoft visual studio/2017/community/linux/gcc_arm/bin/../lib/gcc/arm-none-eabi/6.3.1/../../../../arm-none-eabi/lib/thumb/v7-m/crt0.o
_sbss                                             build/startup_stm32f103xb.o
_sdata                                            build/startup_stm32f103xb.o
_sidata                                           build/startup_stm32f103xb.o
_start                                            c:/program files (x86)/microsoft visual studio/2017/community/linux/gcc_arm/bin/../lib/gcc/arm-none-eabi/6.3.1/../../../../arm-none-eabi/lib/thumb/v7-m/crt0.o
atexit                                            c:/program files (x86)/microsoft visual studio/2017/community/linux/gcc_arm/bin/../lib/gcc/arm-none-eabi/6.3.1/../../../../arm-none-eabi/lib/thumb/v7-m/crt0.o
exit                                              c:/program files (x86)/microsoft visual studio/2017/community/linux/gcc_arm/bin/../lib/gcc/arm-none-eabi/6.3.1/../../../../arm-none-eabi/lib/thumb/v7-m\libc_nano.a(lib_a-exit.o)
                                                  c:/program files (x86)/microsoft visual studio/2017/community/linux/gcc_arm/bin/../lib/gcc/arm-none-eabi/6.3.1/../../../../arm-none-eabi/lib/thumb/v7-m/crt0.o
g_pfnVectors                                      build/startup_stm32f103xb.o
hardware_init_hook                                c:/program files (x86)/microsoft visual studio/2017/community/linux/gcc_arm/bin/../lib/gcc/arm-none-eabi/6.3.1/../../../../arm-none-eabi/lib/thumb/v7-m/crt0.o
hspi1                                             build/main.o
                                                  build/stm32f1xx_it.o
huart2                                            build/main.o
                                                  build/stm32f1xx_it.o
keyboardMatrix                                    build/main.o
                                                  build/stm32f1xx_it.o
m4kNote                                           build/main.o
m4kZone                                           build/main.o
main                                              build/main.o
                                                  build/startup_stm32f103xb.o
                                                  c:/program files (x86)/microsoft visual studio/2017/community/linux/gcc_arm/bin/../lib/gcc/arm-none-eabi/6.3.1/../../../../arm-none-eabi/lib/thumb/v7-m/crt0.o
memset                                            c:/program files (x86)/microsoft visual studio/2017/community/linux/gcc_arm/bin/../lib/gcc/arm-none-eabi/6.3.1/../../../../arm-none-eabi/lib/thumb/v7-m\libc_nano.a(lib_a-memset.o)
                                                  build/main.o
                                                  c:/program files (x86)/microsoft visual studio/2017/community/linux/gcc_arm/bin/../lib/gcc/arm-none-eabi/6.3.1/../../../../arm-none-eabi/lib/thumb/v7-m/crt0.o
midiCommand                                       build/main.o
pFlash                                            build/stm32f1xx_hal_flash.o
                                                  build/stm32f1xx_hal_flash_ex.o
rawZone                                           build/main.o
ringBuffer                                        build/main.o
                                                  build/stm32f1xx_it.o
software_init_hook                                c:/program files (x86)/microsoft visual studio/2017/community/linux/gcc_arm/bin/../lib/gcc/arm-none-eabi/6.3.1/../../../../arm-none-eabi/lib/thumb/v7-m/crt0.o
tempInt                                           build/main.o
uwTick                                            build/stm32f1xx_hal.o
uwTickFreq                                        build/stm32f1xx_hal.o
uwTickPrio                                        build/stm32f1xx_hal.o
